// Jest Snapshot v1, https://goo.gl/fbAQLP

exports[`[routes] 1`] = `
Array [
  Object {
    "component": [Function],
    "path": "/",
    "routes": Array [
      Object {
        "component": [Function],
        "exact": true,
        "path": "/",
      },
      Object {
        "component": [Function],
        "path": "/settings",
        "routes": Array [
          Object {
            "component": [Function],
            "path": "/theme(/:slotNo)",
          },
        ],
      },
      Object {
        "component": [Function],
        "path": "/kakapo",
      },
      Object {
        "component": [Function],
        "path": "/youtube",
      },
      Object {
        "component": [Function],
        "path": "/soundcloud",
      },
      Object {
        "component": [Function],
        "path": "/custom",
      },
      Object {
        "component": [Function],
        "path": "/playlist(/:playlistId)",
      },
      Object {
        "component": [Function],
        "path": "/playlist",
      },
      Object {
        "component": [Function],
        "path": "/share-playlist(/:shareId)",
      },
    ],
  },
]
`;
