// Jest Snapshot v1, https://goo.gl/fbAQLP

exports[`[action/notifyActions] 1`] = `
Array [
  Object {
    "payload": Object {
      "msg": "test",
      "time": "test",
    },
    "type": "NOTIFICATIONS_SEND",
  },
  Object {
    "payload": Object {
      "id": "test",
      "msg": "test",
    },
    "type": "NOTIFICATIONS_NOTIFY",
  },
  Object {
    "payload": Object {
      "id": "test",
    },
    "type": "NOTIFICATIONS_CLEAR",
  },
]
`;

exports[`[action/searchActions] 1`] = `
Array [
  Object {
    "payload": Object {
      "input": "test",
    },
    "type": "SEARCH_INPUT",
  },
  Object {
    "type": "SEARCH_KAKAPO",
  },
  Object {
    "payload": Object {
      "term": "test",
    },
    "type": "SEARCH_YOUTUBE",
  },
  Object {
    "payload": Object {
      "term": "test",
    },
    "type": "SEARCH_SOUNDCLOUD",
  },
  Object {
    "type": "SEARCH_REQUEST",
  },
  Object {
    "payload": Object {
      "items": "test",
      "service": "test",
    },
    "type": "SEARCH_REQUEST_SUCCESS",
  },
  Object {
    "payload": Object {
      "err": "test",
    },
    "type": "SEARCH_REQUEST_ERROR",
  },
]
`;

exports[`[action/settingActions] 1`] = `
Array [
  Object {
    "payload": Object {
      "bool": "test",
    },
    "type": "SETTINGS_MUTE",
  },
  Object {
    "payload": Object {
      "bool": "test",
    },
    "type": "SETTINGS_DOCK",
  },
  Object {
    "payload": Object {
      "bool": "test",
    },
    "type": "SETTINGS_DEVTOOLS",
  },
  Object {
    "payload": Object {
      "locale": "test",
    },
    "type": "SETTINGS_LANGUAGE",
  },
  Object {
    "payload": Object {
      "status": "test",
    },
    "type": "SETTINGS_UPDATE",
  },
]
`;

exports[`[action/soundActions] 1`] = `
Array [
  Object {
    "type": "SOUNDS_REQUEST",
  },
  Object {
    "payload": Object {
      "resp": "test",
    },
    "type": "SOUNDS_REQUEST_SUCCESS",
  },
  Object {
    "type": "SOUNDS_MUTE",
  },
  Object {
    "payload": Object {
      "sound": "test",
    },
    "type": "SOUNDS_PLAY",
  },
  Object {
    "payload": Object {
      "sound": "test",
      "volume": "test",
    },
    "type": "SOUNDS_THROTTLE_VOLUME",
  },
  Object {
    "payload": Object {
      "sound": "test",
      "volume": "test",
    },
    "type": "SOUNDS_VOLUME",
  },
  Object {
    "payload": Object {
      "data": "test",
      "sound": "test",
    },
    "type": "SOUNDS_EDIT",
  },
  Object {
    "payload": Object {
      "sound": "test",
    },
    "type": "SOUNDS_REMOVE",
  },
  Object {
    "payload": Object {
      "file": "test",
    },
    "type": "SOUNDS_ADD_LOCAL",
  },
  Object {
    "payload": Object {
      "data": "test",
      "service": "test",
    },
    "type": "SOUNDS_ADD_SOUND",
  },
  Object {
    "payload": Object {
      "sound": "test",
    },
    "type": "SOUNDS_ADD_SOUND_DOWNLOADING",
  },
  Object {
    "payload": Object {
      "sound": "test",
    },
    "type": "SOUNDS_ADD_SOUND_COMPLETE",
  },
  Object {
    "payload": Object {
      "clear": "test",
    },
    "type": "SOUNDS_RESET",
  },
  Object {
    "payload": Object {
      "id": "test",
    },
    "type": "SOUNDS_PLAYLIST",
  },
  Object {
    "type": "SOUNDS_CREATE_PLAYLIST",
  },
]
`;

exports[`[action/themeActions] 1`] = `
Array [
  Object {
    "payload": Object {
      "slotNo": "test",
      "swatch": "test",
    },
    "type": "THEMES_CHANGE",
  },
]
`;
