// Jest Snapshot v1, https://goo.gl/fbAQLP

exports[`<CustomUrl/> 1`] = `
<div
  className="customurl"
>
  <h5>
    Add a custom stream
  </h5>
  <form
    onSubmit={[Function]}
  >
    <div
      className="media-import"
    >
      <div
        className="group"
      >
        <label
          htmlFor="name"
        >
          <input
            autoComplete="off"
            defaultValue={undefined}
            name="name"
            onBlur={[Function]}
            onChange={[Function]}
            onFocus={[Function]}
            required={true}
            type="text"
          />
          Choose a name for this sound
        </label>
        <span
          className="highlight"
        />
        <span
          className="bar"
        />
      </div>
      <div
        className="group"
      >
        <label
          htmlFor="url"
        >
          <input
            autoComplete="off"
            defaultValue={undefined}
            name="url"
            onBlur={[Function]}
            onChange={[Function]}
            onFocus={[Function]}
            required={true}
            type="text"
          />
          Enter a link to an audio file
        </label>
        <span
          className="highlight"
        />
        <span
          className="bar"
        />
      </div>
      <button
        className="button"
        style={
          Object {
            "backgroundColor": "#4CAF50",
            "borderColor": "#4CAF50",
          }
        }
      >
        Save
      </button>
    </div>
  </form>
</div>
`;
